Microchip MPLAB XC8 Compiler V2.40

Linker command line:

-W-3 \
  --edf=/home/teo/.mchp_packs/Microchip/PIC18F-K_DFP/1.8.249/xc8/pic/dat/20230209213641_en.msgs \
  -pivt0x8=08h -cn -h+dist/default/debug/SPI_CAN_BUS_3_SLAVE.debug.sym \
  --cmf=dist/default/debug/SPI_CAN_BUS_3_SLAVE.debug.cmf -z -Q18F26K83 \
  -o/tmp/xcXjhGDBp --defsym=__MPLAB_BUILD=1 --fixupoverflow=error \
  -Mdist/default/debug/SPI_CAN_BUS_3_SLAVE.debug.map \
  --md=/tmp/xcXailobc.dat -E1 -ver=XC8 Compiler --acfsm=1493 \
  -ACODE=00h-0FFFFh -ACONST=00h-0FFFFh -ASMALLCONST=01000h-010FFhx240 \
  -AMEDIUMCONST=01000h-0FFFFh -ACOMRAM=01h-05Fh -AABS1=00h-0FFFh \
  -ABIGRAM=01h-0FFFh -ARAM=060h-0FFh,0100h-01FFhx15 -ABANK0=060h-0FFh \
  -ABANK1=0100h-01FFh -ABANK2=0200h-02FFh -ABANK3=0300h-03FFh \
  -ABANK4=0400h-04FFh -ABANK5=0500h-05FFh -ABANK6=0600h-06FFh \
  -ABANK7=0700h-07FFh -ABANK8=0800h-08FFh -ABANK9=0900h-09FFh \
  -ABANK10=0A00h-0AFFh -ABANK11=0B00h-0BFFh -ABANK12=0C00h-0CFFh \
  -ABANK13=0D00h-0DFFh -ABANK14=0E00h-0EFFh -ABANK15=0F00h-0FFFh \
  -ASFR=03700h-037FFhx8,03F00h-03F5Fh,03F60h-03FFFh -ABIGSFR=03700h-03FFFh \
  -ACONFIG=0300000h-0300009h -AIDLOC=0200000h-020000Fh \
  -AEEDATA=0310000h-03103FFh -peeprom_data=EEDATA -preset_vec=00h \
  -ppowerup=CODE,init -pramtop=01000h -psmallconst=SMALLCONST \
  -pmediumconst=MEDIUMCONST -pconst=CONST -AFARRAM=00h-00h \
  -prdata=COMRAM,nvrram=COMRAM,nvbit=COMRAM,rbss=COMRAM,rbit=COMRAM \
  -pfarbss=FARRAM,fardata=FARRAM,nvFARRAM=FARRAM \
  -pintsave_regs=BIGRAM,bigbss=BIGRAM,bigdata=BIGRAM -pbss=RAM \
  -pidata=CODE,irdata=CODE,ibigdata=CODE,ifardata=CODE -prparam=COMRAM \
  /tmp/xcXoDHoKP.o dist/default/debug/SPI_CAN_BUS_3_SLAVE.debug.o 

Object code version is 3.11

Machine type is 18F26K83



                Name                               Link     Load   Length Selector   Space Scale
/tmp/xcXoDHoKP.o
                idloc                            200000   200000       10        0       5
                config                           300000   300000        A        0       4
                init                                 1A       1A        4        4       0
                reset_vec                             0        0        6        0       0
dist/default/debug/SPI_CAN_BUS_3_SLAVE.debug.o
                idloc                            200000   200000       10        0       5
                config                           300000   300000        A        0       4
                smallconst                         1000     1000       10      800       0
                ivt0x8                                8        8       12        4       0
                text20                             1DAE     1DAE        A      808       0
                text19                             1D40     1D40       1A      808       0
                text18                             1DB8     1DB8        2      808       0
                text17                             1CB8     1CB8       30      808       0
                text16                             1D72     1D72       16      808       0
                text15                             1C78     1C78       40      808       0
                text14                             17B6     17B6      13A      808       0
                text13                             1C00     1C00       78      808       0
                text12                             1366     1366      2B8      808       0
                text11                             161E     161E      198      808       0
                text10                             1010     1010      356      808       0
                text9                              19CE     19CE       DC      808       0
                text8                              18F0     18F0       DE      808       0
                text7                              1DA4     1DA4        A      808       0
                text6                              1D5A     1D5A       18      808       0
                text5                              1D9A     1D9A        A      808       0
                text4                              1B7A     1B7A       86      808       0
                text3                              1CE8     1CE8       24      808       0
                text2                              1D26     1D26       1A      808       0
                text1                              1D0C     1D0C       1A      808       0
                text0                              1AAA     1AAA       D0      808       0
                cstackCOMRAM                          1        1       39        1       1
                cinit                              1D88     1D88       12      808       0
                nvCOMRAM                             3A       3A        2        1       1

TOTAL           Name                               Link     Load   Length     Space
        CLASS   CODE           
                init                                 1A       1A        4         0
                reset_vec                             0        0        6         0
                ivt0x8                                8        8       12         0
                text20                             1DAE     1DAE        A         0
                text19                             1D40     1D40       1A         0
                text18                             1DB8     1DB8        2         0
                text17                             1CB8     1CB8       30         0
                text16                             1D72     1D72       16         0
                text15                             1C78     1C78       40         0
                text14                             17B6     17B6      13A         0
                text13                             1C00     1C00       78         0
                text12                             1366     1366      2B8         0
                text11                             161E     161E      198         0
                text10                             1010     1010      356         0
                text9                              19CE     19CE       DC         0
                text8                              18F0     18F0       DE         0
                text7                              1DA4     1DA4        A         0
                text6                              1D5A     1D5A       18         0
                text5                              1D9A     1D9A        A         0
                text4                              1B7A     1B7A       86         0
                text3                              1CE8     1CE8       24         0
                text2                              1D26     1D26       1A         0
                text1                              1D0C     1D0C       1A         0
                text0                              1AAA     1AAA       D0         0
                cinit                              1D88     1D88       12         0

        CLASS   CONST          

        CLASS   SMALLCONST     
                smallconst                         1000     1000       10         0

        CLASS   MEDIUMCONST    

        CLASS   COMRAM         
                cstackCOMRAM                          1        1       39         1
                nvCOMRAM                             3A       3A        2         1

        CLASS   ABS1           

        CLASS   BIGRAM         

        CLASS   RAM            

        CLASS   BANK0          

        CLASS   BANK1          

        CLASS   BANK2          

        CLASS   BANK3          

        CLASS   BANK4          

        CLASS   BANK5          

        CLASS   BANK6          

        CLASS   BANK7          

        CLASS   BANK8          

        CLASS   BANK9          

        CLASS   BANK10         

        CLASS   BANK11         

        CLASS   BANK12         

        CLASS   BANK13         

        CLASS   BANK14         

        CLASS   BANK15         

        CLASS   SFR            

        CLASS   BIGSFR         

        CLASS   CONFIG         
                config                           300000   300000        A         4

        CLASS   IDLOC          
                idloc                            200000   200000       10         5

        CLASS   EEDATA         

        CLASS   FARRAM         

        CLASS   HEAP           

        CLASS   STACK          



SEGMENTS        Name                           Load    Length   Top    Selector   Space  Class

                reset_vec                      000000  000006  000006         0       0  CODE    
                text10                         001010  000DAA  001DBA       808       0  CODE    
                ivt0x8                         000008  000016  00001E         4       0  CODE    
                cstackCOMRAM                   000001  00003B  00003C         1       1  COMRAM  
                smallconst                     001000  000010  001010       800       0  SMALLCON


UNUSED ADDRESS RANGES

        Name                Unused          Largest block    Delta
        BANK0            000060-0000FF               A0
        BANK1            000100-0001FF              100
        BANK10           000A00-000AFF              100
        BANK11           000B00-000BFF              100
        BANK12           000C00-000CFF              100
        BANK13           000D00-000DFF              100
        BANK14           000E00-000EFF              100
        BANK15           000F00-000FFF              100
        BANK2            000200-0002FF              100
        BANK3            000300-0003FF              100
        BANK4            000400-0004FF              100
        BANK5            000500-0005FF              100
        BANK6            000600-0006FF              100
        BANK7            000700-0007FF              100
        BANK8            000800-0008FF              100
        BANK9            000900-0009FF              100
        BIGRAM           00003C-000FFF              FC4
        BIGSFR           003700-003FFF              900
        CODE             000006-000007                2
                         00001E-000FFF              FE2
                         001DBA-00FFFF             E246
        COMRAM           00003C-00005F               24
        CONST            000006-000007                2
                         00001E-000FFF              FE2
                         001DBA-00FFFF             E246
        EEDATA           310000-3103FF              400
        MEDIUMCONST      001DBA-00FFFF             E246
        RAM              000060-000FFF              100
        SFR              003700-003FFF              100
        SMALLCONST       001DBA-00FFFF              100

                                  Symbol Table

?_convertReg2ExtendedCANid                         cstackCOMRAM 000004
?_convertReg2StandardCANid                         cstackCOMRAM 000004
CAN_receive@returnValue                            cstackCOMRAM 000019
CAN_receive@tempCanMsg                             cstackCOMRAM 000017
CAN_transmit@tempCanMsg                            cstackCOMRAM 000016
CAN_transmit@tempEIDH                              cstackCOMRAM 000018
CAN_transmit@tempEIDL                              cstackCOMRAM 000019
CAN_transmit@tempSIDH                              cstackCOMRAM 00001A
CAN_transmit@tempSIDL                              cstackCOMRAM 00001B
IOCAF5_SetInterruptHandler@InterruptHandler        cstackCOMRAM 000004
IVTBASEH                                           (abs)        003FD6
IVTBASEL                                           (abs)        003FD5
IVTBASEU                                           (abs)        003FD7
SPI1_Open@spi1UniqueConfiguration                  cstackCOMRAM 000005
SPI1_WriteByte@byte                                cstackCOMRAM 000001
_ANSELA                                            (abs)        003A40
_ANSELB                                            (abs)        003A50
_ANSELC                                            (abs)        003A60
_ANSELCbits                                        (abs)        003A60
_BRGCON1                                           (abs)        003703
_BRGCON2                                           (abs)        003704
_BRGCON3                                           (abs)        003705
_CANCON                                            (abs)        003F8F
_CANRXPPS                                          (abs)        003AED
_CANSTAT                                           (abs)        003F8E
_CAN_receive                                       text12       001366
_CAN_transmit                                      text10       001010
_CIOCON                                            (abs)        003700
_COMSTATbits                                       (abs)        003F90
_ECANCON                                           (abs)        003F91
_ECAN_Initialize                                   text8        0018F0
_INLVLA                                            (abs)        003A44
_INLVLB                                            (abs)        003A54
_INLVLC                                            (abs)        003A64
_INLVLE                                            (abs)        003A84
_INTCON0bits                                       (abs)        003FD2
_INTERRUPT_Initialize                              text7        001DA4
_INTERRUPT_InterruptManager                        text15       001C78
_IOCAF5_DefaultInterruptHandler                    text18       001DB8
_IOCAF5_ISR                                        text17       001CB8
_IOCAF5_InterruptHandler                           nvCOMRAM     00003A
_IOCAF5_SetInterruptHandler                        text5        001D9A
_IOCAFbits                                         (abs)        003A47
_IOCANbits                                         (abs)        003A46
_IOCAPbits                                         (abs)        003A45
_LATA                                              (abs)        003FBA
_LATB                                              (abs)        003FBB
_LATC                                              (abs)        003FBC
_LATCbits                                          (abs)        003FBC
_ODCONA                                            (abs)        003A42
_ODCONB                                            (abs)        003A52
_ODCONC                                            (abs)        003A62
_OSCCON1                                           (abs)        0039D9
_OSCCON3                                           (abs)        0039DB
_OSCEN                                             (abs)        0039DD
_OSCFRQ                                            (abs)        0039DF
_OSCILLATOR_Initialize                             text6        001D5A
_OSCTUNE                                           (abs)        0039DE
_PIE0bits                                          (abs)        003990
_PIE5bits                                          (abs)        003995
_PIN_MANAGER_IOC                                   text16       001D72
_PIN_MANAGER_Initialize                            text4        001B7A
_PIR0bits                                          (abs)        0039A0
_PIR2bits                                          (abs)        0039A2
_PIR5bits                                          (abs)        0039A5
_PMD0                                              (abs)        0039C0
_PMD1                                              (abs)        0039C1
_PMD2                                              (abs)        0039C2
_PMD3                                              (abs)        0039C3
_PMD4                                              (abs)        0039C4
_PMD5                                              (abs)        0039C5
_PMD6                                              (abs)        0039C6
_PMD7                                              (abs)        0039C7
_PMD_Initialize                                    text3        001CE8
_PORTAbits                                         (abs)        003FCA
_RB2PPS                                            (abs)        003A0A
_RC5PPS                                            (abs)        003A15
_RXB0CONbits                                       (abs)        003F80
_RXB0D0                                            (abs)        003F86
_RXB0D1                                            (abs)        003F87
_RXB0D2                                            (abs)        003F88
_RXB0D3                                            (abs)        003F89
_RXB0D4                                            (abs)        003F8A
_RXB0D5                                            (abs)        003F8B
_RXB0D6                                            (abs)        003F8C
_RXB0D7                                            (abs)        003F8D
_RXB0DLC                                           (abs)        003F85
_RXB0EIDH                                          (abs)        003F83
_RXB0EIDL                                          (abs)        003F84
_RXB0SIDH                                          (abs)        003F81
_RXB0SIDL                                          (abs)        003F82
_RXB1CONbits                                       (abs)        0037F0
_RXB1D0                                            (abs)        0037F6
_RXB1D1                                            (abs)        0037F7
_RXB1D2                                            (abs)        0037F8
_RXB1D3                                            (abs)        0037F9
_RXB1D4                                            (abs)        0037FA
_RXB1D5                                            (abs)        0037FB
_RXB1D6                                            (abs)        0037FC
_RXB1D7                                            (abs)        0037FD
_RXB1DLC                                           (abs)        0037F5
_RXB1EIDH                                          (abs)        0037F3
_RXB1EIDL                                          (abs)        0037F4
_RXB1SIDH                                          (abs)        0037F1
_RXB1SIDL                                          (abs)        0037F2
_RXF0EIDH                                          (abs)        0037A2
_RXF0EIDL                                          (abs)        0037A3
_RXF0SIDH                                          (abs)        0037A0
_RXF0SIDL                                          (abs)        0037A1
_RXF1EIDH                                          (abs)        0037A6
_RXF1EIDL                                          (abs)        0037A7
_RXF1SIDH                                          (abs)        0037A4
_RXF1SIDL                                          (abs)        0037A5
_RXF2EIDH                                          (abs)        0037AA
_RXF2EIDL                                          (abs)        0037AB
_RXF2SIDH                                          (abs)        0037A8
_RXF2SIDL                                          (abs)        0037A9
_RXF3EIDH                                          (abs)        0037AE
_RXF3EIDL                                          (abs)        0037AF
_RXF3SIDH                                          (abs)        0037AC
_RXF3SIDL                                          (abs)        0037AD
_RXF4EIDH                                          (abs)        0037B2
_RXF4EIDL                                          (abs)        0037B3
_RXF4SIDH                                          (abs)        0037B0
_RXF4SIDL                                          (abs)        0037B1
_RXF5EIDH                                          (abs)        0037B6
_RXF5EIDL                                          (abs)        0037B7
_RXF5SIDH                                          (abs)        0037B4
_RXF5SIDL                                          (abs)        0037B5
_RXM0EIDH                                          (abs)        0037BA
_RXM0EIDL                                          (abs)        0037BB
_RXM0SIDH                                          (abs)        0037B8
_RXM0SIDL                                          (abs)        0037B9
_RXM1EIDH                                          (abs)        0037BE
_RXM1EIDL                                          (abs)        0037BF
_RXM1SIDH                                          (abs)        0037BC
_RXM1SIDL                                          (abs)        0037BD
_SLRCONA                                           (abs)        003A43
_SLRCONB                                           (abs)        003A53
_SLRCONC                                           (abs)        003A63
_SPI1BAUD                                          (abs)        003D19
_SPI1CLK                                           (abs)        003D1C
_SPI1CON0                                          (abs)        003D14
_SPI1CON0bits                                      (abs)        003D14
_SPI1CON1                                          (abs)        003D15
_SPI1CON2                                          (abs)        003D16
_SPI1INTEbits                                      (abs)        003D1B
_SPI1RXB                                           (abs)        003D10
_SPI1SCKPPS                                        (abs)        003AE0
_SPI1SDIPPS                                        (abs)        003AE1
_SPI1SSPPS                                         (abs)        003AE2
_SPI1TCNTL                                         (abs)        003D12
_SPI1TXB                                           (abs)        003D11
_SPI1_Initialize                                   text2        001D26
_SPI1_Open                                         text9        0019CE
_SPI1_WriteByte                                    text20       001DAE
_SS_InterruptHandler                               text19       001D40
_SYSTEM_Initialize                                 text1        001D0C
_TRISA                                             (abs)        003FC2
_TRISB                                             (abs)        003FC3
_TRISC                                             (abs)        003FC4
_TRISCbits                                         (abs)        003FC4
_TXB0CONbits                                       (abs)        0037E0
_TXB0D0                                            (abs)        0037E6
_TXB0D1                                            (abs)        0037E7
_TXB0D2                                            (abs)        0037E8
_TXB0D3                                            (abs)        0037E9
_TXB0D4                                            (abs)        0037EA
_TXB0D5                                            (abs)        0037EB
_TXB0D6                                            (abs)        0037EC
_TXB0D7                                            (abs)        0037ED
_TXB0DLC                                           (abs)        0037E5
_TXB0EIDH                                          (abs)        0037E3
_TXB0EIDL                                          (abs)        0037E4
_TXB0SIDH                                          (abs)        0037E1
_TXB0SIDL                                          (abs)        0037E2
_TXB1CONbits                                       (abs)        0037D0
_TXB1D0                                            (abs)        0037D6
_TXB1D1                                            (abs)        0037D7
_TXB1D2                                            (abs)        0037D8
_TXB1D3                                            (abs)        0037D9
_TXB1D4                                            (abs)        0037DA
_TXB1D5                                            (abs)        0037DB
_TXB1D6                                            (abs)        0037DC
_TXB1D7                                            (abs)        0037DD
_TXB1DLC                                           (abs)        0037D5
_TXB1EIDH                                          (abs)        0037D3
_TXB1EIDL                                          (abs)        0037D4
_TXB1SIDH                                          (abs)        0037D1
_TXB1SIDL                                          (abs)        0037D2
_TXB2CONbits                                       (abs)        0037C0
_TXB2D0                                            (abs)        0037C6
_TXB2D1                                            (abs)        0037C7
_TXB2D2                                            (abs)        0037C8
_TXB2D3                                            (abs)        0037C9
_TXB2D4                                            (abs)        0037CA
_TXB2D5                                            (abs)        0037CB
_TXB2D6                                            (abs)        0037CC
_TXB2D7                                            (abs)        0037CD
_TXB2DLC                                           (abs)        0037C5
_TXB2EIDH                                          (abs)        0037C3
_TXB2EIDL                                          (abs)        0037C4
_TXB2SIDH                                          (abs)        0037C1
_TXB2SIDL                                          (abs)        0037C2
_WPUA                                              (abs)        003A41
_WPUB                                              (abs)        003A51
_WPUC                                              (abs)        003A61
_WPUE                                              (abs)        003A81
__HRAM                                             (abs)        000000
__Habs1                                            abs1         000000
__Hbank0                                           bank0        000000
__Hbank1                                           bank1        000000
__Hbank10                                          bank10       000000
__Hbank11                                          bank11       000000
__Hbank12                                          bank12       000000
__Hbank13                                          bank13       000000
__Hbank14                                          bank14       000000
__Hbank15                                          bank15       000000
__Hbank2                                           bank2        000000
__Hbank3                                           bank3        000000
__Hbank4                                           bank4        000000
__Hbank5                                           bank5        000000
__Hbank6                                           bank6        000000
__Hbank7                                           bank7        000000
__Hbank8                                           bank8        000000
__Hbank9                                           bank9        000000
__Hbigbss                                          bigbss       000000
__Hbigdata                                         bigdata      000000
__Hbigram                                          bigram       000000
__Hbigsfr                                          bigsfr       000000
__Hbss                                             bss          000000
__Hcinit                                           cinit        000000
__Hclrtext                                         clrtext      000000
__Hcomram                                          comram       000000
__Hconfig                                          config       30000A
__Hconst                                           const        000000
__HcstackCOMRAM                                    cstackCOMRAM 000000
__Hdata                                            data         000000
__Heeprom_data                                     eeprom_data  000000
__Hfarbss                                          farbss       000000
__Hfardata                                         fardata      000000
__Hheap                                            heap         000000
__Hibigdata                                        ibigdata     000000
__Hidata                                           idata        000000
__Hidloc                                           idloc        200010
__Hifardata                                        ifardata     000000
__Hinit                                            init         00001E
__Hintsave_regs                                    intsave_regs 000000
__Hirdata                                          irdata       000000
__Hivt0x8                                          ivt0x8       00001A
__Hmediumconst                                     mediumconst  000000
__HnvCOMRAM                                        nvCOMRAM     000000
__HnvFARRAM                                        nvFARRAM     000000
__Hnvbit                                           nvbit        000000
__Hnvrram                                          nvrram       000000
__Hparam                                           rparam       000000
__Hpowerup                                         powerup      000000
__Hram                                             ram          000000
__Hramtop                                          ramtop       001000
__Hrbit                                            rbit         000000
__Hrbss                                            rbss         000000
__Hrdata                                           rdata        000000
__Hreset_vec                                       reset_vec    000006
__Hrparam                                          rparam       000000
__Hsfr                                             sfr          000000
__Hsmallconst                                      smallconst   001010
__Hspace_0                                         (abs)        001DBA
__Hspace_1                                         (abs)        00003C
__Hspace_2                                         (abs)        000000
__Hspace_4                                         (abs)        60000A
__Hstack                                           stack        000000
__Hstruct                                          struct       000000
__Htemp                                            temp         000000
__Htext                                            text         000000
__Htext0                                           text0        000000
__Htext1                                           text1        000000
__Htext10                                          text10       000000
__Htext11                                          text11       000000
__Htext12                                          text12       000000
__Htext13                                          text13       000000
__Htext14                                          text14       000000
__Htext15                                          text15       000000
__Htext16                                          text16       000000
__Htext17                                          text17       000000
__Htext18                                          text18       000000
__Htext19                                          text19       000000
__Htext2                                           text2        000000
__Htext20                                          text20       000000
__Htext21                                          text21       000000
__Htext3                                           text3        000000
__Htext4                                           text4        000000
__Htext5                                           text5        000000
__Htext6                                           text6        000000
__Htext7                                           text7        000000
__Htext8                                           text8        000000
__Htext9                                           text9        000000
__LRAM                                             (abs)        000001
__Labs1                                            abs1         000000
__Lbank0                                           bank0        000000
__Lbank1                                           bank1        000000
__Lbank10                                          bank10       000000
__Lbank11                                          bank11       000000
__Lbank12                                          bank12       000000
__Lbank13                                          bank13       000000
__Lbank14                                          bank14       000000
__Lbank15                                          bank15       000000
__Lbank2                                           bank2        000000
__Lbank3                                           bank3        000000
__Lbank4                                           bank4        000000
__Lbank5                                           bank5        000000
__Lbank6                                           bank6        000000
__Lbank7                                           bank7        000000
__Lbank8                                           bank8        000000
__Lbank9                                           bank9        000000
__Lbigbss                                          bigbss       000000
__Lbigdata                                         bigdata      000000
__Lbigram                                          bigram       000000
__Lbigsfr                                          bigsfr       000000
__Lbss                                             bss          000000
__Lcinit                                           cinit        000000
__Lclrtext                                         clrtext      000000
__Lcomram                                          comram       000000
__Lconfig                                          config       000000
__Lconst                                           const        000000
__LcstackCOMRAM                                    cstackCOMRAM 000000
__Ldata                                            data         000000
__Leeprom_data                                     eeprom_data  000000
__Lfarbss                                          farbss       000000
__Lfardata                                         fardata      000000
__Lheap                                            heap         000000
__Libigdata                                        ibigdata     000000
__Lidata                                           idata        000000
__Lidloc                                           idloc        000000
__Lifardata                                        ifardata     000000
__Linit                                            init         00001A
__Lintsave_regs                                    intsave_regs 000000
__Lirdata                                          irdata       000000
__Livt0x8                                          ivt0x8       000008
__Lmediumconst                                     mediumconst  000000
__LnvCOMRAM                                        nvCOMRAM     000000
__LnvFARRAM                                        nvFARRAM     000000
__Lnvbit                                           nvbit        000000
__Lnvrram                                          nvrram       000000
__Lparam                                           rparam       000000
__Lpowerup                                         powerup      000000
__Lram                                             ram          000000
__Lramtop                                          ramtop       001000
__Lrbit                                            rbit         000000
__Lrbss                                            rbss         000000
__Lrdata                                           rdata        000000
__Lreset_vec                                       reset_vec    000000
__Lrparam                                          rparam       000000
__Lsfr                                             sfr          000000
__Lsmallconst                                      smallconst   001000
__Lspace_0                                         (abs)        000000
__Lspace_1                                         (abs)        000000
__Lspace_2                                         (abs)        000000
__Lspace_4                                         (abs)        000000
__Lstack                                           stack        000000
__Lstruct                                          struct       000000
__Ltemp                                            temp         000000
__Ltext                                            text         000000
__Ltext0                                           text0        000000
__Ltext1                                           text1        000000
__Ltext10                                          text10       000000
__Ltext11                                          text11       000000
__Ltext12                                          text12       000000
__Ltext13                                          text13       000000
__Ltext14                                          text14       000000
__Ltext15                                          text15       000000
__Ltext16                                          text16       000000
__Ltext17                                          text17       000000
__Ltext18                                          text18       000000
__Ltext19                                          text19       000000
__Ltext2                                           text2        000000
__Ltext20                                          text20       000000
__Ltext21                                          text21       000000
__Ltext3                                           text3        000000
__Ltext4                                           text4        000000
__Ltext5                                           text5        000000
__Ltext6                                           text6        000000
__Ltext7                                           text7        000000
__Ltext8                                           text8        000000
__Ltext9                                           text9        000000
__S0                                               (abs)        001DBA
__S1                                               (abs)        00003C
__S4                                               (abs)        000000
__S5                                               (abs)        000000
___heap_hi                                         (abs)        000000
___heap_lo                                         (abs)        000000
___inthi_sp                                        stack        000000
___intlo_sp                                        stack        000000
___param_bank                                      (abs)        000000
___rparam_used                                     (abs)        000001
___sp                                              stack        000000
__accesstop                                        (abs)        000060
__activetblptr                                     (abs)        000003
__end_of_CAN_receive                               text12       00161E
__end_of_CAN_transmit                              text10       001366
__end_of_ECAN_Initialize                           text8        0019CE
__end_of_INTERRUPT_Initialize                      text7        001DAE
__end_of_INTERRUPT_InterruptManager                text15       001CB8
__end_of_IOCAF5_DefaultInterruptHandler            text18       001DBA
__end_of_IOCAF5_ISR                                text17       001CE8
__end_of_IOCAF5_SetInterruptHandler                text5        001DA4
__end_of_OSCILLATOR_Initialize                     text6        001D72
__end_of_PIN_MANAGER_IOC                           text16       001D88
__end_of_PIN_MANAGER_Initialize                    text4        001C00
__end_of_PMD_Initialize                            text3        001D0C
__end_of_SPI1_Initialize                           text2        001D40
__end_of_SPI1_Open                                 text9        001AAA
__end_of_SPI1_WriteByte                            text20       001DB8
__end_of_SS_InterruptHandler                       text19       001D5A
__end_of_SYSTEM_Initialize                         text1        001D26
__end_of__initialization                           cinit        001D94
__end_of_canId                                     smallconst   00100F
__end_of_convertCANid2Reg                          text11       0017B6
__end_of_convertReg2ExtendedCANid                  text14       0018F0
__end_of_convertReg2StandardCANid                  text13       001C78
__end_of_main                                      text0        001B7A
__end_of_spi1_configuration                        smallconst   00100B
__initialization                                   cinit        001D88
__mediumconst                                      mediumconst  000000
__pcinit                                           cinit        001D88
__pcstackCOMRAM                                    cstackCOMRAM 000001
__pivt0x8                                          ivt0x8       000008
__pnvCOMRAM                                        nvCOMRAM     00003A
__psmallconst                                      smallconst   001000
__ptext0                                           text0        001AAA
__ptext1                                           text1        001D0C
__ptext10                                          text10       001010
__ptext11                                          text11       00161E
__ptext12                                          text12       001366
__ptext13                                          text13       001C00
__ptext14                                          text14       0017B6
__ptext15                                          text15       001C78
__ptext16                                          text16       001D72
__ptext17                                          text17       001CB8
__ptext18                                          text18       001DB8
__ptext19                                          text19       001D40
__ptext2                                           text2        001D26
__ptext20                                          text20       001DAE
__ptext21                                          text21       000000
__ptext3                                           text3        001CE8
__ptext4                                           text4        001B7A
__ptext5                                           text5        001D9A
__ptext6                                           text6        001D5A
__ptext7                                           text7        001DA4
__ptext8                                           text8        0018F0
__ptext9                                           text9        0019CE
__ramtop                                           ramtop       001000
__smallconst                                       smallconst   001000
_convertCANid2Reg                                  text11       00161E
_convertReg2ExtendedCANid                          text14       0017B6
_convertReg2StandardCANid                          text13       001C00
_main                                              text0        001AAA
_spi1_configuration                                smallconst   001001
convertCANid2Reg@canIdType                         cstackCOMRAM 000008
convertCANid2Reg@passedInEIDH                      cstackCOMRAM 000009
convertCANid2Reg@passedInEIDL                      cstackCOMRAM 00000B
convertCANid2Reg@passedInSIDH                      cstackCOMRAM 00000D
convertCANid2Reg@passedInSIDL                      cstackCOMRAM 00000F
convertCANid2Reg@tempPassedInID                    cstackCOMRAM 000004
convertCANid2Reg@wipSIDL                           cstackCOMRAM 000015
convertReg2ExtendedCANid@CAN_standardLo_ID_hi3bits cstackCOMRAM 000012
convertReg2ExtendedCANid@CAN_standardLo_ID_lo2bits cstackCOMRAM 000011
convertReg2ExtendedCANid@ConvertedID               cstackCOMRAM 000013
convertReg2ExtendedCANid@returnValue               cstackCOMRAM 00000D
convertReg2ExtendedCANid@tempRXBn_EIDH             cstackCOMRAM 00000C
convertReg2ExtendedCANid@tempRXBn_EIDL             cstackCOMRAM 000004
convertReg2ExtendedCANid@tempRXBn_SIDH             cstackCOMRAM 000005
convertReg2ExtendedCANid@tempRXBn_SIDL             cstackCOMRAM 000006
convertReg2StandardCANid@ConvertedID               cstackCOMRAM 00000F
convertReg2StandardCANid@returnValue               cstackCOMRAM 00000B
convertReg2StandardCANid@tempRXBn_SIDH             cstackCOMRAM 00000A
convertReg2StandardCANid@tempRXBn_SIDL             cstackCOMRAM 000004
end_of_initialization                              cinit        001D94
intlevel0                                          text         000000
intlevel1                                          text         000000
intlevel2                                          text         000000
intlevel3                                          text         000000
isa$std                                            (abs)        000001
isa$xinst                                          (abs)        000000
ivt0x8_base                                        ivt0x8       000008
main@ReceiveMsg                                    cstackCOMRAM 00002C
main@SendMsg                                       cstackCOMRAM 00001E
stackhi                                            (abs)        000000
stacklo                                            (abs)        000000
start                                              init         00001A
start_initialization                               cinit        001D88


MODULE INFORMATION

Module		Function		Class		Link	Load	Size
mcc_generated_files/interrupt_manager.c
		_INTERRUPT_Initialize		CODE           	1DA4	0000	10
		_INTERRUPT_InterruptManager		CODE           	1C78	0000	64

mcc_generated_files/interrupt_manager.c estimated size: 74

mcc_generated_files/pin_manager.c
		_IOCAF5_SetInterruptHandler		CODE           	1D9A	0000	10
		_PIN_MANAGER_Initialize		CODE           	1B7A	0000	134
		_IOCAF5_DefaultInterruptHandler		CODE           	1DB8	0000	2
		_IOCAF5_ISR    		CODE           	1CB8	0000	48
		_PIN_MANAGER_IOC		CODE           	1D72	0000	22

mcc_generated_files/pin_manager.c estimated size: 216

mcc_generated_files/spi1.c
		_SPI1_WriteByte		CODE           	1DAE	0000	10
		_SPI1_Open     		CODE           	19CE	0000	220
		_SPI1_Initialize		CODE           	1D26	0000	26

mcc_generated_files/spi1.c estimated size: 256

mcc_generated_files/ecan.c
		_CAN_receive   		CODE           	1366	0000	696
		_ECAN_Initialize		CODE           	18F0	0000	222
		_convertReg2ExtendedCANid		CODE           	17B6	0000	314
		_CAN_transmit  		CODE           	1010	0000	854
		_convertReg2StandardCANid		CODE           	1C00	0000	120
		_convertCANid2Reg		CODE           	161E	0000	408

mcc_generated_files/ecan.c estimated size: 2614

shared
		_canId         		SMALLCONST     	0000	0000	0
		__initialization		CODE           	1D88	0000	12
		_spi1_configuration		SMALLCONST     	1001	0000	10

shared estimated size: 22

mcc_generated_files/mcc.c
		_PMD_Initialize		CODE           	1CE8	0000	36
		_OSCILLATOR_Initialize		CODE           	1D5A	0000	24
		_SYSTEM_Initialize		CODE           	1D0C	0000	26

mcc_generated_files/mcc.c estimated size: 86

main.c
		_main          		CODE           	1AAA	0000	208
		_SS_InterruptHandler		CODE           	1D40	0000	26

main.c estimated size: 234

